[bigpumpgroup.com/index.html]
[backblue.gif]
[fade.gif]
[index.html]
[bigpumpgroup.com/assets/img/preview.png]
[bigpumpgroup.com/assets/css/bootstrap.min.css]
[bigpumpgroup.com/assets/js/jquery/jquery.min.js]
[bigpumpgroup.com/assets/js/bootstrap.min.js]
[bigpumpgroup.com/assets/css/main.css]
[bigpumpgroup.com/assets/js/plugins/mcrypt/mcrypt.js]
[bigpumpgroup.com/assets/js/plugins/mcrypt/rijndael.js]
[bigpumpgroup.com/assets/js/main.js]
[bigpumpgroup.com/assets/img/telegram.png]
[bigpumpgroup.com/assets/img/twitter.png]
[bigpumpgroup.com/login.html]
[bigpumpgroup.com/account/login.html]
[bigpumpgroup.com/account/register.html]
[bigpumpgroup.com/assets/img/bpg-logo2.png]
[bigpumpgroup.com/register.html]
[bigpumpgroup.com/assets/img/how_it_work.png]
[bigpumpgroup.com/assets/img/vote.png]
[bigpumpgroup.com/assets/img/chat.png]
[bigpumpgroup.com/assets/img/bot_protect.png]
[bigpumpgroup.com/assets/img/rules.png]
[bigpumpgroup.com/assets/img/join-free.png]
[bigpumpgroup.com/assets/img/affiliate.png]
[bigpumpgroup.com/assets/img/invite.png]
[bigpumpgroup.com/assets/img/about.png]
[bigpumpgroup.com/index.html]
[bigpumpgroup.com/blog/index.html]
[bigpumpgroup.com/assets/fonts/glyphicons-halflings-regular.eot]
[bigpumpgroup.com/assets/fonts/glyphicons-halflings-regulard41d.eot]
[bigpumpgroup.com/assets/fonts/glyphicons-halflings-regular.woff]
[bigpumpgroup.com/assets/fonts/glyphicons-halflings-regular.ttf]
[bigpumpgroup.com/assets/css/bootstrap.min.css]
[bigpumpgroup.com/assets/fonts/glyphicons-halflings-regular.svg]
[bigpumpgroup.com/assets/img/splash-bg-2.jpg]
[bigpumpgroup.com/img/splash-bg-2.jpg]
[bigpumpgroup.com/assets/css/main.css]
[www.google.com/recaptcha/api.js]
[bigpumpgroup.com/forgotpassword.html]
[bigpumpgroup.com/assets/js/plugins/validate/jquery.validate.min.js]
[bigpumpgroup.com/login.html]
[bigpumpgroup.com/assets/js/login.js]
[bigpumpgroup.com/account/login.html]
[bigpumpgroup.com/terms.html]
[bigpumpgroup.com/account/register.html]
[bigpumpgroup.com/assets/js/signup.js]
[bigpumpgroup.com/register.html]
[bigpumpgroup.com/blog/wp-content/themes/twentysixteen/genericons/genericons5589.css]
[bigpumpgroup.com/blog/wp-content/themes/twentysixteen/style55fe.css]
[bigpumpgroup.com/blog/wp-includes/js/jquery/jqueryb8ff.js]
[bigpumpgroup.com/blog/wp-includes/js/jquery/jquery-migrate.min330a.js]
[bigpumpgroup.com/blog/page/2/index.html]
[bigpumpgroup.com/blog/xmlrpc0db0.php]
[bigpumpgroup.com/blog/feed/index.html]
[bigpumpgroup.com/blog/wp-includes/wlwmanifest.xml]
[bigpumpgroup.com/blog/wp-content/uploads/2018/04/bittrex-1200x682.png]
[bigpumpgroup.com/blog/wp-content/uploads/2018/04/eth.png]
[bigpumpgroup.com/blog/wp-content/uploads/2018/04/youtube_crypto.png]
[bigpumpgroup.com/blog/comments/feed/index.html]
[bigpumpgroup.com/blog/wp-content/uploads/2018/04/reddit_crypto-1200x813.png]
[bigpumpgroup.com/blog/wp-content/uploads/2018/04/binance.png]
[bigpumpgroup.com/blog/wp-content/uploads/2018/04/top_crypto_twitter.png]
[bigpumpgroup.com/blog/wp-content/uploads/2018/04/crypto_noob.jpg]
[bigpumpgroup.com/blog/wp-content/uploads/2018/04/binance_bittrex-1200x675.jpg]
[bigpumpgroup.com/blog/wp-json/index.html]
[bigpumpgroup.com/blog/wp-content/uploads/2018/04/pump_group.png]
[bigpumpgroup.com/blog/wp-content/uploads/2018/04/btc.jpg]
[bigpumpgroup.com/blog/wp-content/themes/twentysixteen/js/skip-link-focus-fix8de4.js]
[bigpumpgroup.com/blog/wp-content/themes/twentysixteen/js/functions8de4.js]
[bigpumpgroup.com/blog/category/articles/index.html]
[bigpumpgroup.com/blog/wp-includes/js/wp-embed.min55fe.js]
[bigpumpgroup.com/blog/index.html]
[bigpumpgroup.com/assets/fonts/glyphicons-halflings-regular.html]
[bigpumpgroup.com/assets/fonts/glyphicons-halflings-regular.svg]
[bigpumpgroup.com/img/splash-bg-2.html]
[bigpumpgroup.com/blog/the-best-cryptocurrency-exchanges-for-2018/index.html]
[bigpumpgroup.com/blog/category/reviews/index.html]
[bigpumpgroup.com/blog/what-are-the-best-cryptocurrencies-for-you-to-invest-in/index.html]
[bigpumpgroup.com/blog/author/admin/index.html]
[bigpumpgroup.com/blog/top-10-youtube-cryptocurrency-experts-you-need-to-check-out/index.html]
[bigpumpgroup.com/forgotpassword.html]
[bigpumpgroup.com/blog/top-10-reddit-subs-to-follow-for-cryptocurrency-news/index.html]
[bigpumpgroup.com/blog/top-4-south-korean-exchanges-that-are-worth-checking-out/index.html]
[bigpumpgroup.com/terms.html]
[bigpumpgroup.com/blog/the-top-10-cryptocurrency-twitter-accounts-you-cannot-be-without/index.html]
[bigpumpgroup.com/blog/wp-content/uploads/2018/04/btc-robot.jpg]
[bigpumpgroup.com/blog/5-tips-for-the-novice-cryptocurrency-trader/index.html]
[bigpumpgroup.com/blog/binance-or-bittrex-which-is-the-best/index.html]
[bigpumpgroup.com/blog/how-to-profit-from-a-pump-and-dump-group/index.html]
[bigpumpgroup.com/blog/wp-content/uploads/2018/04/binance_review.png]
[bigpumpgroup.com/blog/how-can-you-accurately-spot-a-pump-and-dump/index.html]
[bigpumpgroup.com/blog/wp-content/uploads/2018/04/binance_pump.jpg]
[bigpumpgroup.com/blog/wp-content/uploads/2018/04/bigpumpsignal.png]
[bigpumpgroup.com/blog/wp-content/uploads/2018/04/telegram_trade_group.jpg]
[bigpumpgroup.com/blog/wp-content/uploads/2018/04/pump_dump_scam.jpg]
[bigpumpgroup.com/blog/wp-content/uploads/2018/04/telegram_crypto_groups.png]
[bigpumpgroup.com/blog/page/3/index.html]
[bigpumpgroup.com/blog/wp-content/uploads/2018/04/pump_dump_telegram.png]
[bigpumpgroup.com/blog/wp-content/uploads/2018/04/sell_wall.jpg]
[bigpumpgroup.com/blog/wp-content/uploads/2018/04/crypto-pump-dump.png]
[bigpumpgroup.com/blog/page/2/index.html]
[bigpumpgroup.com/blog/wp-content/themes/twentysixteen/genericons/Genericons.eot]
[bigpumpgroup.com/blog/a-binance-review-what-you-need-to-know/index.html]
[bigpumpgroup.com/blog/what-are-the-best-bitcoin-trading-bots-around/index.html]
[bigpumpgroup.com/blog/checking-out-the-binance-pump-and-dump-group-on-telegram/index.html]
[bigpumpgroup.com/blog/wp-content/themes/twentysixteen/genericons/Genericonsd41d.eot]
[bigpumpgroup.com/blog/wp-content/themes/twentysixteen/genericons/Genericons.ttf]
[bigpumpgroup.com/blog/wp-content/themes/twentysixteen/genericons/genericons5589.css]
[bigpumpgroup.com/blog/wp-content/themes/twentysixteen/style55fe.css]
[bigpumpgroup.com/blog/wp-content/themes/twentysixteen/genericons/Genericons.svg]
[bigpumpgroup.com/blog/category/articles/index.html]
[bigpumpgroup.com/blog/what-are-the-best-crypto-signal-channels-on-telegram/index.html]
[bigpumpgroup.com/blog/big-pump-signal-review-is-bigpumpsignal-scam/index.html]
[bigpumpgroup.com/blog/category/reviews/index.html]
[bigpumpgroup.com/blog/are-pump-and-dump-groups-a-scam/index.html]
[bigpumpgroup.com/blog/what-is-the-most-trusted-pump-group-on-telegram/index.html]
[bigpumpgroup.com/blog/what-is-the-telegram-pump-dump-cryptocurrency-trading-groups-scheme/index.html]
[bigpumpgroup.com/blog/sell-walls-just-what-exactly-are-they/index.html]
[bigpumpgroup.com/blog/introducing-you-to-pump-and-dump-groups/index.html]
[bigpumpgroup.com/blog/category/articles/page/2/index.html]
[bigpumpgroup.com/blog/wp-json/oembed/1.0/embed37c2.json]
[bigpumpgroup.com/blog/category/articles/feed/index.html]
[bigpumpgroup.com/blog/wp-json/oembed/1.0/embedb2d7]
[bigpumpgroup.com/blog/wp-content/uploads/2018/04/bittrex.png]
[bigpumpgroup.com/blog/category/reviews/feed/index.html]
[bigpumpgroup.com/blog/wp-includes/js/comment-reply.min55fe.js]
[bigpumpgroup.com/blog/the-best-cryptocurrency-exchanges-for-2018/index.html]
[bigpumpgroup.com/blog/author/admin/index.html]
[bigpumpgroup.com/blog/the-best-cryptocurrency-exchanges-for-2018/feed/index.html]
[bigpumpgroup.com/blog/wp-json/oembed/1.0/embed3be3.json]
[bigpumpgroup.com/blog/what-are-the-best-cryptocurrencies-for-you-to-invest-in/index.html]
[bigpumpgroup.com/blog/wp-json/oembed/1.0/embed563f]
[bigpumpgroup.com/blog/author/admin/page/2/index.html]
[bigpumpgroup.com/blog/author/admin/feed/index.html]
[bigpumpgroup.com/blog/wp-json/oembed/1.0/embede3ab.json]
[bigpumpgroup.com/blog/top-10-youtube-cryptocurrency-experts-you-need-to-check-out/index.html]
[bigpumpgroup.com/blog/wp-json/oembed/1.0/embeda5a5]
[bigpumpgroup.com/blog/author/admin/page/3/index.html]
[bigpumpgroup.com/blog/what-are-the-best-cryptocurrencies-for-you-to-invest-in/feed/index.html]
[bigpumpgroup.com/blog/wp-json/oembed/1.0/embedbb90.json]
[bigpumpgroup.com/blog/wp-json/oembed/1.0/embed20d6]
[bigpumpgroup.com/blog/wp-content/uploads/2018/04/reddit_crypto.png]
[bigpumpgroup.com/blog/top-10-reddit-subs-to-follow-for-cryptocurrency-news/index.html]
[bigpumpgroup.com/blog/top-10-youtube-cryptocurrency-experts-you-need-to-check-out/feed/index.html]
[bigpumpgroup.com/blog/wp-json/oembed/1.0/embed91e0.json]
[bigpumpgroup.com/blog/wp-json/oembed/1.0/embed4cba]
[bigpumpgroup.com/blog/top-4-south-korean-exchanges-that-are-worth-checking-out/index.html]
[bigpumpgroup.com/blog/top-10-reddit-subs-to-follow-for-cryptocurrency-news/feed/index.html]
[bigpumpgroup.com/blog/top-4-south-korean-exchanges-that-are-worth-checking-out/feed/index.html]
[bigpumpgroup.com/blog/wp-json/oembed/1.0/embed4615.json]
[bigpumpgroup.com/blog/wp-json/oembed/1.0/embed5dba]
[bigpumpgroup.com/blog/the-top-10-cryptocurrency-twitter-accounts-you-cannot-be-without/index.html]
[bigpumpgroup.com/blog/the-top-10-cryptocurrency-twitter-accounts-you-cannot-be-without/feed/index.html]
[bigpumpgroup.com/blog/wp-json/oembed/1.0/embed28f5.json]
[bigpumpgroup.com/blog/wp-json/oembed/1.0/embede73f]
[bigpumpgroup.com/blog/5-tips-for-the-novice-cryptocurrency-trader/index.html]
[bigpumpgroup.com/blog/5-tips-for-the-novice-cryptocurrency-trader/feed/index.html]
[bigpumpgroup.com/blog/wp-json/oembed/1.0/embed0dea.json]
[bigpumpgroup.com/blog/wp-json/oembed/1.0/embed6c30]
[bigpumpgroup.com/blog/binance-or-bittrex-which-is-the-best/feed/index.html]
[bigpumpgroup.com/blog/wp-content/uploads/2018/04/binance_bittrex.jpg]
[bigpumpgroup.com/blog/binance-or-bittrex-which-is-the-best/index.html]
[bigpumpgroup.com/blog/wp-json/oembed/1.0/embedfd8f.json]
[bigpumpgroup.com/blog/how-to-profit-from-a-pump-and-dump-group/feed/index.html]
[bigpumpgroup.com/blog/how-to-profit-from-a-pump-and-dump-group/index.html]
[bigpumpgroup.com/blog/wp-json/oembed/1.0/embed007a]
[bigpumpgroup.com/blog/wp-json/oembed/1.0/embed9309.json]
[bigpumpgroup.com/blog/how-can-you-accurately-spot-a-pump-and-dump/index.html]
[bigpumpgroup.com/blog/wp-json/oembed/1.0/embed5037]
[bigpumpgroup.com/blog/how-can-you-accurately-spot-a-pump-and-dump/feed/index.html]
[bigpumpgroup.com/blog/wp-content/uploads/2018/04/crypto_signals.jpg]
[bigpumpgroup.com/blog/page/3/index.html]
[bigpumpgroup.com/blog/a-list-of-crypto-signals-channels-on-telegram/index.html]
[bigpumpgroup.com/blog/wp-json/oembed/1.0/embed0e2b.json]
[bigpumpgroup.com/blog/what-are-the-best-bitcoin-trading-bots-around/feed/index.html]
[bigpumpgroup.com/blog/what-are-the-best-bitcoin-trading-bots-around/index.html]
[bigpumpgroup.com/blog/wp-json/oembed/1.0/embedfc1f]
[bigpumpgroup.com/blog/wp-json/oembed/1.0/embed55ae.json]
[bigpumpgroup.com/blog/wp-json/oembed/1.0/embed2df3]
[bigpumpgroup.com/blog/a-binance-review-what-you-need-to-know/feed/index.html]
[bigpumpgroup.com/blog/wp-content/uploads/2018/04/binance_exchange.png]
[bigpumpgroup.com/blog/a-binance-review-what-you-need-to-know/index.html]
[bigpumpgroup.com/blog/wp-json/oembed/1.0/embed371f.json]
[bigpumpgroup.com/blog/wp-json/oembed/1.0/embed5a0f]
[bigpumpgroup.com/blog/checking-out-the-binance-pump-and-dump-group-on-telegram/index.html]
[bigpumpgroup.com/blog/checking-out-the-binance-pump-and-dump-group-on-telegram/feed/index.html]
[bigpumpgroup.com/blog/wp-json/oembed/1.0/embed7778.json]
[bigpumpgroup.com/blog/big-pump-signal-review-is-bigpumpsignal-scam/index.html]
[bigpumpgroup.com/blog/wp-json/oembed/1.0/embed198c]
[bigpumpgroup.com/blog/big-pump-signal-review-is-bigpumpsignal-scam/feed/index.html]
[bigpumpgroup.com/blog/wp-json/oembed/1.0/embed9558.json]
[bigpumpgroup.com/blog/what-are-the-best-crypto-signal-channels-on-telegram/index.html]
[bigpumpgroup.com/blog/wp-json/oembed/1.0/embed5134]
[bigpumpgroup.com/blog/what-are-the-best-crypto-signal-channels-on-telegram/feed/index.html]
[bigpumpgroup.com/blog/wp-json/oembed/1.0/embed53b3.json]
[bigpumpgroup.com/blog/are-pump-and-dump-groups-a-scam/feed/index.html]
[bigpumpgroup.com/blog/wp-json/oembed/1.0/embedb9ee]
[bigpumpgroup.com/blog/are-pump-and-dump-groups-a-scam/index.html]
[bigpumpgroup.com/blog/wp-json/oembed/1.0/embed5a64.json]
[bigpumpgroup.com/blog/what-is-the-most-trusted-pump-group-on-telegram/index.html]
[bigpumpgroup.com/blog/wp-json/oembed/1.0/embedf144]
[bigpumpgroup.com/blog/what-is-the-most-trusted-pump-group-on-telegram/feed/index.html]
[bigpumpgroup.com/blog/wp-json/oembed/1.0/embedf90b.json]
[bigpumpgroup.com/blog/what-is-the-telegram-pump-dump-cryptocurrency-trading-groups-scheme/index.html]
[bigpumpgroup.com/blog/wp-json/oembed/1.0/embed649f]
[bigpumpgroup.com/blog/what-is-the-telegram-pump-dump-cryptocurrency-trading-groups-scheme/feed/index.html]
[bigpumpgroup.com/blog/wp-json/oembed/1.0/embed262c.json]
[bigpumpgroup.com/blog/wp-json/oembed/1.0/embedfae2]
[bigpumpgroup.com/blog/sell-walls-just-what-exactly-are-they/index.html]
[bigpumpgroup.com/blog/sell-walls-just-what-exactly-are-they/feed/index.html]
[bigpumpgroup.com/blog/wp-json/oembed/1.0/embed8d20.json]
[bigpumpgroup.com/blog/introducing-you-to-pump-and-dump-groups/index.html]
[bigpumpgroup.com/blog/wp-json/oembed/1.0/embede785]
[bigpumpgroup.com/blog/wp-content/themes/twentysixteen/genericons/Genericons.svg]
[bigpumpgroup.com/blog/category/articles/page/2/index.html]
[bigpumpgroup.com/blog/xmlrpc.php]
[bigpumpgroup.com/blog/index6ffe.html]
[bigpumpgroup.com/blog/author/admin/page/2/index.html]
[bigpumpgroup.com/blog/author/admin/page/3/index.html]
[bigpumpgroup.com/blog/index04cd.html]
[bigpumpgroup.com/blog/index8cae.html]
[bigpumpgroup.com/blog/index7ef4.html]
[bigpumpgroup.com/blog/index7665.html]
[bigpumpgroup.com/blog/index5c36.html]
[bigpumpgroup.com/blog/index1098.html]
[bigpumpgroup.com/blog/index2dc8.html]
[bigpumpgroup.com/blog/index5fb3.html]
[bigpumpgroup.com/blog/index6aed.html]
[bigpumpgroup.com/blog/introducing-you-to-pump-and-dump-groups/feed/index.html]
[bigpumpgroup.com/blog/wp-json/oembed/1.0/embed3bee.json]
[bigpumpgroup.com/blog/a-list-of-crypto-signals-channels-on-telegram/index.html]
[bigpumpgroup.com/blog/wp-json/oembed/1.0/embed5dca]
[bigpumpgroup.com/blog/indexcb30.html]
[bigpumpgroup.com/blog/index1e7e.html]
[bigpumpgroup.com/blog/indexc7e3.html]
[bigpumpgroup.com/blog/index3c55.html]
[bigpumpgroup.com/blog/index40a0.html]
[bigpumpgroup.com/blog/index341b.html]
[bigpumpgroup.com/blog/indexd8eb.html]
[bigpumpgroup.com/blog/index0b69.html]
[bigpumpgroup.com/blog/index5757.html]
[bigpumpgroup.com/blog/index2df4.html]
[bigpumpgroup.com/blog/a-list-of-crypto-signals-channels-on-telegram/feed/index.html]
[bigpumpgroup.com/blog/indexc471.html]
